Case #1: 1.0
Case #2: 39.16666666666667
Case #3: 63.968001294543775
Case #4: 526.1904761904761
Case #5: 5379.642572445766
Case #6: 8539.868671002578
Case #7: 28289.682539682537
Case #8: 58.45204449628889
