Case #1: 2 0
Case #2: 0 0
Case #3: 0 0
Case #4: 7 4
Case #5: 8 8
Case #6: 8 3
Case #7: 10 10
Case #8: 0 0
Case #9: 5 1
Case #10: 2 0
Case #11: 6 1
Case #12: 9 2
Case #13: 1 1
Case #14: 7 2
Case #15: 7 1
Case #16: 8 2
Case #17: 9 2
Case #18: 0 0
Case #19: 9 3
Case #20: 7 2
Case #21: 3 1
Case #22: 0 0
Case #23: 8 3
Case #24: 6 0
Case #25: 0 0
Case #26: 2 2
Case #27: 9 6
Case #28: 6 3
Case #29: 4 0
Case #30: 6 3
Case #31: 6 2
Case #32: 10 10
Case #33: 10 10
Case #34: 1 0
Case #35: 7 1
Case #36: 1 1
Case #37: 8 4
Case #38: 0 0
Case #39: 3 1
Case #40: 3 1
Case #41: 1 1
Case #42: 6 1
Case #43: 7 2
Case #44: 7 4
Case #45: 2 1
Case #46: 0 0
Case #47: 0 0
Case #48: 10 10
Case #49: 1 0
Case #50: 6 4
