Case #1: 6
Case #2: impossible
Case #3: 2
Case #4: 4
Case #5: 6
Case #6: 1
Case #7: 4
Case #8: 3
Case #9: impossible
Case #10: 3
Case #11: 2
Case #12: 6
Case #13: 1
Case #14: 4
Case #15: 3
Case #16: 3
Case #17: 1
Case #18: 8
Case #19: 5
Case #20: impossible
Case #21: 2
Case #22: 3
Case #23: 2
Case #24: 6
Case #25: 1
Case #26: 3
Case #27: impossible
Case #28: 6
Case #29: 2
Case #30: 3
Case #31: 3
Case #32: 1
Case #33: 2
Case #34: impossible
Case #35: 6
Case #36: 5
Case #37: 2
Case #38: impossible
Case #39: 3
Case #40: 7
Case #41: impossible
Case #42: 1
Case #43: 1
Case #44: 6
Case #45: 2
Case #46: 8
Case #47: 5
Case #48: 6
Case #49: 2
Case #50: 1
Case #51: 5
Case #52: 2
Case #53: 6
Case #54: 6
Case #55: 7
Case #56: 1
Case #57: impossible
Case #58: impossible
Case #59: 5
Case #60: 8
Case #61: 7
Case #62: 5
Case #63: 3
Case #64: 3
Case #65: 4
Case #66: 6
Case #67: impossible
Case #68: 1
Case #69: 3
Case #70: 5
Case #71: impossible
Case #72: impossible
Case #73: 3
Case #74: impossible
Case #75: 6
Case #76: impossible
Case #77: 1
Case #78: impossible
Case #79: 1
Case #80: 2
Case #81: 7
Case #82: impossible
Case #83: impossible
Case #84: 4
Case #85: 1
Case #86: 5
Case #87: 2
Case #88: impossible
Case #89: 4
Case #90: 2
Case #91: 4
Case #92: 3
Case #93: 1
Case #94: 2
Case #95: 1
Case #96: 5
Case #97: 2
Case #98: 4
Case #99: impossible
Case #100: 3
