Case #1: 1
Case #2: NOT POSSIBLE
Case #3: NOT POSSIBLE
Case #4: NOT POSSIBLE
Case #5: 4
Case #6: 3
Case #7: NOT POSSIBLE
Case #8: 5
Case #9: 1
Case #10: 1
Case #11: 6
Case #12: 3
Case #13: 2
Case #14: 4
Case #15: 6
Case #16: 4
Case #17: 2
Case #18: 3
Case #19: 7
Case #20: 5
Case #21: 1
Case #22: NOT POSSIBLE
Case #23: 3
Case #24: 1
Case #25: 2
Case #26: 1
Case #27: 3
Case #28: 5
Case #29: NOT POSSIBLE
Case #30: 2
Case #31: 2
Case #32: 6
Case #33: 6
Case #34: 6
Case #35: 4
Case #36: 5
Case #37: 2
Case #38: 2
Case #39: NOT POSSIBLE
Case #40: NOT POSSIBLE
Case #41: 4
Case #42: 3
Case #43: 6
Case #44: 5
Case #45: 2
Case #46: 3
Case #47: 1
Case #48: 7
Case #49: 1
Case #50: NOT POSSIBLE
Case #51: 2
Case #52: 7
Case #53: NOT POSSIBLE
Case #54: NOT POSSIBLE
Case #55: 4
Case #56: 2
Case #57: 7
Case #58: NOT POSSIBLE
Case #59: 4
Case #60: 5
Case #61: 4
Case #62: 7
Case #63: 3
Case #64: 1
Case #65: 4
Case #66: 1
Case #67: NOT POSSIBLE
Case #68: NOT POSSIBLE
Case #69: 4
Case #70: NOT POSSIBLE
Case #71: 2
Case #72: 3
Case #73: 6
Case #74: 5
Case #75: NOT POSSIBLE
Case #76: 4
Case #77: NOT POSSIBLE
Case #78: 4
Case #79: 3
Case #80: 2
Case #81: 5
Case #82: 3
Case #83: 0
Case #84: 4
Case #85: 8
Case #86: 5
Case #87: 3
Case #88: 8
Case #89: 7
Case #90: 6
Case #91: 1
Case #92: 6
Case #93: 3
Case #94: 1
Case #95: 6
Case #96: 3
Case #97: 5
Case #98: 7
Case #99: 3
Case #100: NOT POSSIBLE
