Case #1: 1
Case #2: 5
Case #3: 4
Case #4: 1
Case #5: 4
Case #6: 2
Case #7: 6
Case #8: NOT POSSIBLE
Case #9: 8
Case #10: NOT POSSIBLE
Case #11: 3
Case #12: 4
Case #13: NOT POSSIBLE
Case #14: 7
Case #15: NOT POSSIBLE
Case #16: 5
Case #17: 6
Case #18: NOT POSSIBLE
Case #19: 8
Case #20: 3
Case #21: 1
Case #22: 4
Case #23: 4
Case #24: 4
Case #25: 6
Case #26: 5
Case #27: 6
Case #28: NOT POSSIBLE
Case #29: 6
Case #30: NOT POSSIBLE
Case #31: 2
Case #32: 5
Case #33: 5
Case #34: 7
Case #35: 5
Case #36: 4
Case #37: NOT POSSIBLE
Case #38: 3
Case #39: NOT POSSIBLE
Case #40: NOT POSSIBLE
Case #41: NOT POSSIBLE
Case #42: 4
Case #43: 3
Case #44: 1
Case #45: NOT POSSIBLE
Case #46: 2
Case #47: 4
Case #48: 1
Case #49: 3
Case #50: 2
Case #51: 2
Case #52: 4
Case #53: 9
Case #54: 4
Case #55: 3
Case #56: 9
Case #57: 1
Case #58: 0
Case #59: 2
Case #60: 5
Case #61: NOT POSSIBLE
Case #62: 5
Case #63: 2
Case #64: 9
Case #65: 1
Case #66: 4
Case #67: 3
Case #68: 4
Case #69: 1
Case #70: 1
Case #71: 4
Case #72: 4
Case #73: 2
Case #74: 2
Case #75: NOT POSSIBLE
Case #76: 5
Case #77: 4
Case #78: 6
Case #79: 3
Case #80: NOT POSSIBLE
Case #81: 3
Case #82: 5
Case #83: 1
Case #84: 3
Case #85: 1
Case #86: 3
Case #87: 3
Case #88: 6
Case #89: NOT POSSIBLE
Case #90: 2
Case #91: NOT POSSIBLE
Case #92: 4
Case #93: 7
Case #94: 1
Case #95: 5
Case #96: 6
Case #97: 7
Case #98: 4
Case #99: NOT POSSIBLE
Case #100: NOT POSSIBLE
